./testing-tool/test.sh: line 2: commands: No such file or directory
